========== Test 3 ==========
Command: cat <infile1 <infile2 <infile3 infile1 infile2 infile3
======================================
Output: abcdefghi
======================================
Return Value: 0
========== End of Test 3 ==========
