========== Test 1 ==========
Command: cat infiles/infile1 infiles/infile2 infiles/infile3
======================================
Output: abcdefghi
======================================
Return Value: 0
========== End of Test 1 ==========
